[FAIL] testAutoScalingThresholds                          Expected true but got false
[FAIL] hiphop.metal                                       Compilation failed: program_source:282:8: error: redefinition of 'Uniforms'
[FAIL] reggae.metal                                       Compilation failed: program_source:282:8: error: redefinition of 'Uniforms'
[FAIL] electronic.metal                                   Compilation failed: program_source:282:8: error: redefinition of 'Uniforms'
[FAIL] 8bit.metal                                         Compilation failed: program_source:282:8: error: redefinition of 'Uniforms'
[FAIL] vaporwave.metal                                    Compilation failed: program_source:282:8: error: redefinition of 'Uniforms'
[FAIL] punk.metal                                         Compilation failed: program_source:282:8: error: redefinition of 'Uniforms'
[FAIL] jazz.metal                                         Compilation failed: program_source:282:8: error: redefinition of 'Uniforms'
[FAIL] soul.metal                                         Compilation failed: program_source:282:8: error: redefinition of 'Uniforms'
[FAIL] heavymetal.metal                                   Compilation failed: program_source:282:8: error: redefinition of 'Uniforms'
[FAIL] classical.metal                                    Compilation failed: program_source:282:8: error: redefinition of 'Uniforms'
[FAIL] unicorn.metal                                      Compilation failed: program_source:282:8: error: redefinition of 'Uniforms'
[FAIL] orcs.metal                                         Compilation failed: program_source:282:8: error: redefinition of 'Uniforms'
[FAIL] frog.metal                                         Compilation failed: program_source:282:8: error: redefinition of 'Uniforms'
[FAIL] dragon.metal                                       Compilation failed: program_source:282:8: error: redefinition of 'Uniforms'
[FAIL] elves.metal                                        Compilation failed: program_source:282:8: error: redefinition of 'Uniforms'
[FAIL] thieves.metal                                      Compilation failed: program_source:282:8: error: redefinition of 'Uniforms'
[FAIL] owl.metal                                          Compilation failed: program_source:282:8: error: redefinition of 'Uniforms'
[FAIL] debug_overlay.metal                                Compilation failed: program_source:278:10: fatal error: '../../src/core/ShaderInterop.h' file not found
[FAIL] knights.metal                                      Compilation failed: program_source:282:8: error: redefinition of 'Uniforms'
[FAIL] audio_ray_tracing.metal                            Compilation failed: program_source:384:43: error: no member named 'read' in 'metal::texture2d<float, metal::access::write, metal::memory_coherence_threadgroup>'
[FAIL] prism_core.metal                                   Compilation failed: program_source:309:10: error: use of undeclared identifier 'rotX'
[FAIL] liquid_aura.metal                                  Compilation failed: program_source:291:20: error: no matching function for call to 'snoise'
[FAIL] particles.metal                                    Compilation failed: program_source:277:10: fatal error: '../base/common.metal' file not found
[FAIL] mind_palace.metal                                  Compilation failed: program_source:317:10: error: use of undeclared identifier 'rotX'
[FAIL] cosmic_kaleido.metal                               Compilation failed: program_source:309:15: error: use of undeclared identifier 'rot'
[FAIL] biolume_forest.metal                               Compilation failed: program_source:301:32: error: no matching function for call to 'snoise'
[FAIL] quantum_crystalline.metal                          Compilation failed: program_source:295:13: error: use of undeclared identifier 'rotX'
[FAIL] fallout.metal                                      Compilation failed: program_source:435:16: warning: unused variable 'cloudPos' [-Wunused-variable]
[FAIL] starship_hud.metal                                 Compilation failed: program_source:324:41: error: no matching function for call to 'hash'
[FAIL] neural_style_blend.metal                           Compilation failed: program_source:324:26: error: no member named 'sample' in 'metal::texture2d<float, metal::access::read, metal::memory_coherence_threadgroup>'
[FAIL] dwarves.metal                                      Compilation failed: program_source:282:8: error: redefinition of 'Uniforms'
[FAIL] aquatic.metal                                      Compilation failed: program_source:282:8: error: redefinition of 'Uniforms'
